******************************************************************************
                  TI ARM Linker PC v20.2.4                     
******************************************************************************
>> Linked Fri Jan 28 10:02:19 2022

OUTPUT FILE NAME:   <flame_check.out>
ENTRY POINT SYMBOL: "_c_int00"  address: 00004441


MEMORY CONFIGURATION

         name            origin    length      used     unused   attr    fill
----------------------  --------  ---------  --------  --------  ----  --------
  FLASH                 00000000   00100000  00008584  000f7a7c  R  X
  SRAM                  20000000   00040000  00001dd6  0003e22a  RW X


SEGMENT ALLOCATION MAP

run origin  load origin   length   init length attrs members
----------  ----------- ---------- ----------- ----- -------
00000000    00000000    00008590   00008590    r-x
  00000000    00000000    0000003c   0000003c    r-- .resetVecs
  00000040    00000040    000060a2   000060a2    r-x .text
  000060e4    000060e4    00002236   00002236    r-- .const
  00008320    00008320    00000270   00000270    r-- .cinit
20000000    20000000    00001dd8   00000000    rw-
  20000000    20000000    00000360   00000000    rw- .vecs
  20000360    20000360    00001220   00000000    rw- .bss
  20001580    20001580    00000556   00000000    rw- .data
  20001ad8    20001ad8    00000300   00000000    rw- .stack


SECTION ALLOCATION MAP

 output                                  attributes/
section   page    origin      length       input sections
--------  ----  ----------  ----------   ----------------
.text      0    00000040    000060a2     
                  00000040    00000430     sysbios.aem4f : BIOS.obj (.text:ti_sysbios_family_arm_m3_Hwi_excDumpRegs__I)
                  00000470    0000034c     ti.targets.arm.rtsarm.aem4f : System.oem4f (.text:xdc_runtime_System_doPrint__I)
                  000007bc    00000004     driverlib.lib : i2c.obj (.text:I2CMasterControl)
                  000007c0    000002d0     sysbios.aem4f : BIOS.obj (.text:ti_sysbios_knl_Semaphore_pend__E)
                  00000a90    0000026c                   : BIOS.obj (.text:ti_sysbios_heaps_HeapMem_free__E)
                  00000cfc    00000004     driverlib.lib : i2c.obj (.text:I2CMasterDataGet)
                  00000d00    00000250     sysbios.aem4f : BIOS.obj (.text:ti_sysbios_heaps_HeapMem_alloc__E)
                  00000f50    00000234                   : BIOS.obj (.text:ti_sysbios_knl_Task_Instance_finalize__E)
                  00001184    00000204     Boot.aem4f : Boot_sysctl.oem4f (.text:ti_catalog_arm_cortexm4_tiva_ce_Boot_sysCtlClockFreqSetI__I)
                  00001388    000001f4     sysbios.aem4f : BIOS.obj (.text:ti_sysbios_family_arm_m3_Hwi_excHandlerMax__I)
                  0000157c    00000004     driverlib.lib : i2c.obj (.text:I2CMasterDataPut)
                  00001580    000001f0     sysbios.aem4f : BIOS.obj (.text:ti_sysbios_knl_Task_sleep__E)
                  00001770    000001c0                   : BIOS.obj (.text:ti_sysbios_knl_Task_Instance_init__E)
                  00001930    00000174                   : BIOS.obj (.text:ti_sysbios_family_arm_m3_Hwi_excBusFault__I)
                  00001aa4    00000004     rtsv7M4_T_le_v4SPD16_eabi.lib : exit.c.obj (.text:abort:abort)
                  00001aa8    00000164     sysbios.aem4f : BIOS.obj (.text:ti_sysbios_family_arm_m3_Hwi_excUsageFault__I)
                  00001c0c    00000150     drivers_tivaware.aem4f : GPIOTiva.oem4f (.text:GPIO_setConfig)
                  00001d5c    00000004     empty_pem4f.oem4f (.text:ti_sysbios_BIOS_RtsGateProxy_enter__E)
                  00001d60    00000148     sysbios.aem4f : BIOS.obj (.text:ti_sysbios_family_arm_m3_Hwi_excMemFault__I)
                  00001ea8    0000013c                   : BIOS.obj (.text:ti_sysbios_heaps_HeapMem_Instance_init__E)
                  00001fe4    00000130     driverlib.lib : gpio.obj (.text:GPIOPadConfigSet)
                  00002114    0000012c     flame.obj (.text:taskFxn)
                  00002240    00000120     sysbios.aem4f : BIOS.obj (.text:ti_sysbios_family_arm_lm4_Timer_start__E)
                  00002360    00000118     ti.targets.arm.rtsarm.aem4f : Error.oem4f (.text:xdc_runtime_Error_policyDefault__E)
                  00002478    00000100                                 : Core-mem.oem4f (.text:xdc_runtime_Core_createObject__I)
                  00002578    000000f8                                 : Startup.oem4f (.text:xdc_runtime_Startup_startMods__I)
                  00002670    000000f8     empty_pem4f.oem4f (.text:xdc_runtime_System_printfExtend__I)
                  00002768    000000f4     sysbios.aem4f : m3_Hwi_asm.obj (.text:ti_sysbios_family_arm_m3_Hwi_dispatch__I)
                  0000285c    00000004     empty_pem4f.oem4f (.text:ti_sysbios_BIOS_RtsGateProxy_leave__E)
                  00002860    000000ec     sysbios.aem4f : BIOS.obj (.text:ti_sysbios_knl_Semaphore_post__E)
                  0000294c    000000e0     drivers_tivaware.aem4f : I2CTiva.oem4f (.text:I2CTiva_open)
                  00002a2c    000000d6                            : I2CTiva.oem4f (.text:I2CTiva_hwiFxn)
                  00002b02    00000002     rtsv7M4_T_le_v4SPD16_eabi.lib : _lock.c.obj (.text:_nop)
                  00002b04    000000cc     ti.targets.arm.rtsarm.aem4f : Core-smem.oem4f (.text:xdc_runtime_Core_constructObject__I)
                  00002bd0    000000bc     sysbios.aem4f : BIOS.obj (.text:ti_sysbios_family_arm_m3_Hwi_excDebugMon__I)
                  00002c8c    00000004                   : BIOS.obj (.text:ti_sysbios_family_arm_lm4_Timer_masterEnable__I)
                  00002c90    000000bc                   : BIOS.obj (.text:ti_sysbios_family_arm_m3_Hwi_excHardFault__I)
                  00002d4c    000000b8     EK_TM4C1294XL.obj (.text:EK_TM4C1294XL_initGeneral)
                  00002e04    00000004     empty_pem4f.oem4f (.text:ti_sysbios_family_arm_m3_Hwi_destruct)
                  00002e08    000000b4     sysbios.aem4f : BIOS.obj (.text:ti_sysbios_gates_GateMutex_enter__E)
                  00002ebc    00000004     empty_pem4f.oem4f (.text:ti_sysbios_family_arm_m3_TaskSupport_Module__startupDone__S)
                  00002ec0    000000b4     sysbios.aem4f : BIOS.obj (.text:ti_sysbios_knl_Task_checkStacks__E)
                  00002f74    00000004     empty_pem4f.oem4f (.text:ti_sysbios_heaps_HeapMem_Module_GateProxy_enter__E)
                  00002f78    000000ac     sysbios.aem4f : BIOS.obj (.text:ti_sysbios_family_arm_lm4_Timer_enableTiva__I)
                  00003024    00000004     empty_pem4f.oem4f (.text:ti_sysbios_heaps_HeapMem_Module_GateProxy_leave__E)
                  00003028    000000a8     sysbios.aem4f : BIOS.obj (.text:ti_sysbios_family_arm_lm4_Timer_enableTimers__I)
                  000030d0    000000a0     auto_init.aem4f : auto_init.oem4f (.text)
                  00003170    000000a0     ti.targets.arm.rtsarm.aem4f : Text.oem4f (.text:xdc_runtime_Text_putMod__E)
                  00003210    0000009c     rtsv7M4_T_le_v4SPD16_eabi.lib : memcpy_t2.asm.obj (.text)
                  000032ac    00000004     empty_pem4f.oem4f (.text:ti_sysbios_knl_Clock_TimerProxy_getMaxTicks__E)
                  000032b0    0000009c     sysbios.aem4f : BIOS.obj (.text:ti_sysbios_knl_Semaphore_Instance_init__E)
                  0000334c    0000009a     ti.targets.arm.rtsarm.aem4f : Text.oem4f (.text:xdc_runtime_Text_putSite__E)
                  000033e6    00000002     rtsv7M4_T_le_v4SPD16_eabi.lib : div0.asm.obj (.text)
                  000033e8    00000098     Boot.aem4f : Boot.oem4f (.text:ti_catalog_arm_cortexm4_tiva_ce_Boot_sysCtlClockFreqSet__E)
                  00003480    00000098     sysbios.aem4f : BIOS.obj (.text:ti_sysbios_knl_Mailbox_post__E)
                  00003518    00000094                   : BIOS.obj (.text:ti_sysbios_family_arm_m3_Hwi_Instance_init__E)
                  000035ac    00000004     empty_pem4f.oem4f (.text:ti_sysbios_knl_Queue_destruct)
                  000035b0    00000094     sysbios.aem4f : BIOS.obj (.text:ti_sysbios_family_arm_m3_Hwi_initNVIC__E)
                  00003644    00000004     empty_pem4f.oem4f (.text:ti_sysbios_knl_Semaphore_destruct)
                  00003648    00000094     sysbios.aem4f : BIOS.obj (.text:ti_sysbios_knl_Task_postInit__I)
                  000036dc    0000008c     drivers_tivaware.aem4f : GPIOTiva.oem4f (.text:GPIO_init)
                  00003768    0000008c     sysbios.aem4f : m3_TaskSupport_asm.obj (.text:ti_sysbios_family_arm_m3_TaskSupport_buildTaskStack)
                  000037f4    00000004     ti.targets.arm.rtsarm.aem4f : Error.oem4f (.text:xdc_runtime_Error_getSite__E)
                  000037f8    00000088     sysbios.aem4f : BIOS.obj (.text:ti_sysbios_knl_Mailbox_Module_startup__E)
                  00003880    00000088                   : BIOS.obj (.text:ti_sysbios_knl_Mailbox_pend__E)
                  00003908    00000084                   : BIOS.obj (.text:ti_sysbios_family_arm_m3_Hwi_postInit__I)
                  0000398c    0000007e     drivers_tivaware.aem4f : I2CTiva.oem4f (.text:I2CTiva_transfer)
                  00003a0a    00000002     empty_pem4f.oem4f (.text:ti_sysbios_BIOS_nullFunc__I)
                  00003a0c    0000007c     flame.obj (.text:taskAverage)
                  00003a88    0000007a     driverlib.lib : adc.obj (.text:ADCSequenceStepConfigure)
                  00003b02    0000007a     rtsv7M4_T_le_v4SPD16_eabi.lib : memset_t2.asm.obj (.text)
                  00003b7c    00000004     empty_pem4f.oem4f (.text:xdc_runtime_System_Module_GateProxy_enter__E)
                  00003b80    00000070     sysbios.aem4f : BIOS.obj (.text:ti_sysbios_knl_Clock_workFunc__E)
                  00003bf0    00000070                   : BIOS.obj (.text:ti_sysbios_knl_Task_exit__E)
                  00003c60    0000006d     ti.targets.arm.rtsarm.aem4f : System.oem4f (.text:xdc_runtime_System_formatNum__I)
                  00003ccd    00000001     --HOLE-- [fill = 0]
                  00003cce    00000002     empty_pem4f.oem4f (.text:xdc_runtime_Startup_reset__I)
                  00003cd0    0000006c     sysbios.aem4f : BIOS.obj (.text:ti_sysbios_knl_Swi_restoreHwi__E)
                  00003d3c    0000006c     ti.targets.arm.rtsarm.aem4f : Error.oem4f (.text:xdc_runtime_Error_print__E)
                  00003da8    0000006c                                 : Memory.oem4f (.text:xdc_runtime_Memory_alloc__E)
                  00003e14    00000068     EK_TM4C1294XL.obj (.text:EK_TM4C1294XL_initI2C)
                  00003e7c    00000068     rtsv7M4_T_le_v4SPD16_eabi.lib : copy_decompress_lzss.c.obj (.text:decompress:lzss:__TI_decompress_lzss)
                  00003ee4    00000066     ti.targets.arm.rtsarm.aem4f : Core-mem.oem4f (.text:xdc_runtime_Core_deleteObject__I)
                  00003f4a    00000002     --HOLE-- [fill = 0]
                  00003f4c    00000064     drivers_tivaware.aem4f : GPIOTiva.oem4f (.text:GPIO_hwiIntFxn)
                  00003fb0    00000064     flame.obj (.text:initialize_ADC)
                  00004014    00000004     empty_pem4f.oem4f (.text:xdc_runtime_System_Module_GateProxy_leave__E)
                  00004018    00000064     sysbios.aem4f : BIOS.obj (.text:ti_sysbios_family_arm_lm4_Timer_Module_startup__E)
                  0000407c    00000064     empty_pem4f.oem4f (.text:ti_sysbios_family_arm_m3_Hwi_create)
                  000040e0    00000064     sysbios.aem4f : BIOS.obj (.text:ti_sysbios_family_arm_m3_Hwi_dispatchC__I)
                  00004144    00000062     drivers_tivaware.aem4f : I2CTiva.oem4f (.text:I2CTiva_primeTransfer)
                  000041a6    00000002     --HOLE-- [fill = 0]
                  000041a8    00000060     sysbios.aem4f : BIOS.obj (.text:ti_sysbios_family_arm_lm4_Timer_isrStub__E)
                  00004208    00000060                   : BIOS.obj (.text:ti_sysbios_knl_Task_schedule__I)
                  00004268    0000005c                   : BIOS.obj (.text:ti_sysbios_knl_Swi_run__I)
                  000042c4    00000004     ti.targets.arm.rtsarm.aem4f : System.oem4f (.text:xdc_runtime_System_aprintf_va__F)
                  000042c8    0000005c     sysbios.aem4f : BIOS.obj (.text:ti_sysbios_knl_Swi_schedule__I)
                  00004324    00000004     ti.targets.arm.rtsarm.aem4f : System.oem4f (.text:xdc_runtime_System_printf_va__F)
                  00004328    0000005c     sysbios.aem4f : BIOS.obj (.text:ti_sysbios_knl_Task_Module_startup__E)
                  00004384    00000004     --HOLE-- [fill = 0]
                  00004388    0000005c                   : BIOS.obj (.text:ti_sysbios_knl_Task_startCore__E)
                  000043e4    0000005b     ti.targets.arm.rtsarm.aem4f : Text.oem4f (.text:xdc_runtime_Text_putLab__E)
                  0000443f    00000001     --HOLE-- [fill = 0]
                  00004440    00000058     boot.aem4f : boot.oem4f (.text)
                  00004498    00000058     rtsv7M4_T_le_v4SPD16_eabi.lib : hostwrite.c.obj (.text:HOSTwrite)
                  000044f0    00000058     empty_pem4f.oem4f (.text:ti_sysbios_family_arm_m3_Hwi_construct)
                  00004548    00000058     sysbios.aem4f : m3_Hwi_asm_switch.obj (.text:ti_sysbios_family_arm_m3_Hwi_initStacks__E)
                  000045a0    00000056     driverlib.lib : gpio.obj (.text:GPIOIntTypeSet)
                  000045f6    00000002     --HOLE-- [fill = 0]
                  000045f8    00000054     empty_pem4f.oem4f (.text:ti_sysbios_knl_Task_construct)
                  0000464c    00000054     ti.targets.arm.rtsarm.aem4f : Assert.oem4f (.text:xdc_runtime_Assert_raise__I)
                  000046a0    00000050     drivers_tivaware.aem4f : GPIOTiva.oem4f (.text:GPIO_setCallback)
                  000046f0    00000050                            : GPIOTiva.oem4f (.text:GPIO_write)
                  00004740    00000050     driverlib.lib : sysctl.obj (.text:SysCtlPeripheralReset)
                  00004790    00000050     Boot.aem4f : Boot_sysctl.oem4f (.text:_SysCtlFrequencyGet)
                  000047e0    00000050     flame.obj (.text:main)
                  00004830    00000050     sysbios.aem4f : BIOS.obj (.text:ti_sysbios_family_arm_m3_Hwi_Module_startup__E)
                  00004880    00000050     ti.targets.arm.rtsarm.aem4f : Startup.oem4f (.text:xdc_runtime_Startup_exec__E)
                  000048d0    00000050                                 : Text.oem4f (.text:xdc_runtime_Text_visitRope2__I)
                  00004920    0000004c     flame.obj (.text:ADCSwi)
                  0000496c    0000004c     rtsv7M4_T_le_v4SPD16_eabi.lib : cpy_tbl.c.obj (.text:copy_in)
                  000049b8    0000004c     sysbios.aem4f : BIOS.obj (.text:ti_sysbios_heaps_HeapMem_getStats__E)
                  00004a04    00000004     --HOLE-- [fill = 0]
                  00004a08    0000004c                   : BIOS.obj (.text:ti_sysbios_knl_Swi_runLoop__I)
                  00004a54    00000004     --HOLE-- [fill = 0]
                  00004a58    0000004c                   : BIOS.obj (.text:ti_sysbios_knl_Task_allBlockedFunction__I)
                  00004aa4    00000048     driverlib.lib : gpio.obj (.text:GPIOPinConfigure)
                  00004aec    00000048                   : i2c.obj (.text:I2CMasterInitExpClk)
                  00004b34    00000004     --HOLE-- [fill = 0]
                  00004b38    00000048     sysbios.aem4f : BIOS.obj (.text:ti_sysbios_family_arm_m3_Hwi_disableInterrupt__E)
                  00004b80    00000048                   : BIOS.obj (.text:ti_sysbios_family_arm_m3_Hwi_enableInterrupt__E)
                  00004bc8    00000048                   : BIOS.obj (.text:ti_sysbios_family_arm_m3_Hwi_excReserved__I)
                  00004c10    00000046     ti.targets.arm.rtsarm.aem4f : Core-params.oem4f (.text:xdc_runtime_Core_assignParams__I)
                  00004c56    00000002     --HOLE-- [fill = 0]
                  00004c58    00000044     sysbios.aem4f : BIOS.obj (.text:ti_sysbios_family_arm_m3_Hwi_getStackInfo__E)
                  00004c9c    00000004     --HOLE-- [fill = 0]
                  00004ca0    00000044                   : BIOS.obj (.text:ti_sysbios_knl_Swi_post__E)
                  00004ce4    00000044     ti.targets.arm.rtsarm.aem4f : Error.oem4f (.text:xdc_runtime_Error_setX__E)
                  00004d28    00000044                                 : SysMin.oem4f (.text:xdc_runtime_SysMin_flush__E)
                  00004d6c    00000044                                 : Text.oem4f (.text:xdc_runtime_Text_xprintf__I)
                  00004db0    00000040     rtsv7M4_T_le_v4SPD16_eabi.lib : u_divt2.asm.obj (.text)
                  00004df0    00000040     sysbios.aem4f : BIOS.obj (.text:ti_sysbios_family_arm_lm4_Timer_startup__E)
                  00004e30    0000003e     driverlib.lib : adc.obj (.text:ADCSequenceConfigure)
                  00004e6e    00000002     --HOLE-- [fill = 0]
                  00004e70    0000003c     sysbios.aem4f : BIOS.obj (.text:ti_sysbios_family_arm_m3_Hwi_excSvCall__I)
                  00004eac    00000004     --HOLE-- [fill = 0]
                  00004eb0    0000003c                   : BIOS.obj (.text:ti_sysbios_heaps_HeapMem_init__I)
                  00004eec    00000004     --HOLE-- [fill = 0]
                  00004ef0    0000003c                   : BIOS.obj (.text:ti_sysbios_knl_Swi_restore__E)
                  00004f2c    0000003a     drivers_tivaware.aem4f : I2CTiva.oem4f (.text:I2CTiva_completeTransfer)
                  00004f66    00000002     --HOLE-- [fill = 0]
                  00004f68    00000038                            : I2C.oem4f (.text:I2C_init)
                  00004fa0    00000038     rtsv7M4_T_le_v4SPD16_eabi.lib : trgmsg.c.obj (.text:__TI_writemsg)
                  00004fd8    00000038     sysbios.aem4f : BIOS.obj (.text:ti_sysbios_family_arm_m3_Hwi_excNoIsr__I)
                  00005010    00000038                   : BIOS.obj (.text:ti_sysbios_knl_Task_processVitalTaskFlag__I)
                  00005048    00000038     ti.targets.arm.rtsarm.aem4f : SysMin.oem4f (.text:xdc_runtime_SysMin_putch__E)
                  00005080    00000038                                 : System.oem4f (.text:xdc_runtime_System_atexit__E)
                  000050b8    00000036     drivers_tivaware.aem4f : I2CTiva.oem4f (.text:I2CTiva_close)
                  000050ee    00000002     --HOLE-- [fill = 0]
                  000050f0    00000034     driverlib.lib : sysctl.obj (.text:SysCtlPeripheralEnable)
                  00005124    00000034     rtsv7M4_T_le_v4SPD16_eabi.lib : trgmsg.c.obj (.text:__TI_readmsg)
                  00005158    00000034     sysbios.aem4f : BIOS.obj (.text:ti_sysbios_family_arm_m3_Hwi_Instance_finalize__E)
                  0000518c    00000004     --HOLE-- [fill = 0]
                  00005190    00000034                   : BIOS.obj (.text:ti_sysbios_family_arm_m3_Hwi_excNmi__I)
                  000051c4    00000004     --HOLE-- [fill = 0]
                  000051c8    00000034                   : BIOS.obj (.text:ti_sysbios_hal_Hwi_checkStack)
                  000051fc    00000034     ti.targets.arm.rtsarm.aem4f : Core-label.oem4f (.text:xdc_runtime_Core_assignLabel__I)
                  00005230    00000033                                 : Text.oem4f (.text:xdc_runtime_Text_printVisFxn__I)
                  00005263    00000005     --HOLE-- [fill = 0]
                  00005268    00000032     sysbios.aem4f : BIOS.obj (.text:ti_sysbios_hal_Hwi_initStack)
                  0000529a    00000002     --HOLE-- [fill = 0]
                  0000529c    00000030     drivers_tivaware.aem4f : I2C.oem4f (.text:I2C_open)
                  000052cc    00000030     empty_pem4f.oem4f (.text:ti_sysbios_BIOS_atExitFunc__I)
                  000052fc    00000004     --HOLE-- [fill = 0]
                  00005300    00000030     sysbios.aem4f : BIOS.obj (.text:ti_sysbios_family_arm_lm4_Timer_stop__E)
                  00005330    00000030                   : BIOS.obj (.text:ti_sysbios_family_arm_m3_TaskSupport_start__E)
                  00005360    00000030     empty_pem4f.oem4f (.text:ti_sysbios_gates_GateHwi_Object__create__S)
                  00005390    00000030     empty_pem4f.oem4f (.text:ti_sysbios_gates_GateMutex_Object__create__S)
                  000053c0    00000030     empty_pem4f.oem4f (.text:ti_sysbios_heaps_HeapMem_Object__create__S)
                  000053f0    00000030     empty_pem4f.oem4f (.text:ti_sysbios_knl_Semaphore_construct)
                  00005420    00000030     sysbios.aem4f : BIOS.obj (.text:ti_sysbios_knl_Semaphore_pendTimeout__I)
                  00005450    00000030                   : BIOS.obj (.text:ti_sysbios_knl_Task_unblockI__E)
                  00005480    00000030     ti.targets.arm.rtsarm.aem4f : SysMin.oem4f (.text:xdc_runtime_SysMin_abort__E)
                  000054b0    00000030                                 : System.oem4f (.text:xdc_runtime_System_processAtExit__E)
                  000054e0    0000002e     driverlib.lib : adc.obj (.text:ADCIntStatus)
                  0000550e    00000002     --HOLE-- [fill = 0]
                  00005510    0000002c     empty_pem4f.oem4f (.text:ti_sysbios_knl_Clock_doTick__I)
                  0000553c    0000002c     empty_pem4f.oem4f (.text:ti_sysbios_knl_Queue_construct)
                  00005568    0000002c     sysbios.aem4f : BIOS.obj (.text:ti_sysbios_knl_Task_restore__E)
                  00005594    0000002c     ti.targets.arm.rtsarm.aem4f : Text.oem4f (.text:xdc_runtime_Text_cordText__E)
                  000055c0    0000002a     driverlib.lib : gpio.obj (.text:GPIODirModeSet)
                  000055ea    0000002a     ti.targets.arm.rtsarm.aem4f : System.oem4f (.text:xdc_runtime_System_putchar__I)
                  00005614    00000004     --HOLE-- [fill = 0]
                  00005618    00000028     sysbios.aem4f : BIOS.obj (.text:ti_sysbios_knl_Swi_Module_startup__E)
                  00005640    00000026                   : m3_Hwi_asm.obj (.text:ti_sysbios_family_arm_m3_Hwi_pendSV__I)
                  00005666    00000026     ti.targets.arm.rtsarm.aem4f : System.oem4f (.text:xdc_runtime_System_avprintf__E)
                  0000568c    00000024     empty_pem4f.oem4f (.text:ti_sysbios_BIOS_errorRaiseHook__I)
                  000056b0    00000024     empty_pem4f.oem4f (.text:ti_sysbios_BIOS_registerRTSLock__I)
                  000056d4    00000024     empty_pem4f.oem4f (.text:ti_sysbios_BIOS_removeRTSLock__I)
                  000056f8    00000024     empty_pem4f.oem4f (.text:ti_sysbios_BIOS_startFunc__I)
                  0000571c    00000024     empty_pem4f.oem4f (.text:ti_sysbios_gates_GateMutex_Object__delete__S)
                  00005740    00000024     sysbios.aem4f : BIOS.obj (.text:ti_sysbios_knl_Clock_Module_startup__E)
                  00005764    00000004     --HOLE-- [fill = 0]
                  00005768    00000024                   : BIOS.obj (.text:ti_sysbios_knl_Task_restoreHwi__E)
                  0000578c    00000024     ti.targets.arm.rtsarm.aem4f : System.oem4f (.text:xdc_runtime_System_vprintf__E)
                  000057b0    00000022     sysbios.aem4f : BIOS.obj (.text:ti_sysbios_family_arm_lm4_Timer_write__I)
                  000057d2    00000022     empty_pem4f.oem4f (.text:xdc_runtime_SysMin_output__I)
                  000057f4    00000020     Boot.aem4f : Boot_sysctl.oem4f (.text:_SysCtlMemTimingGet)
                  00005814    00000020     empty_pem4f.oem4f (.text:ti_sysbios_BIOS_rtsLock__I)
                  00005834    00000020     sysbios.aem4f : m3_Hwi_asm.obj (.text:ti_sysbios_family_arm_m3_Hwi_excHandlerAsm__I)
                  00005854    00000004     --HOLE-- [fill = 0]
                  00005858    00000020                   : BIOS.obj (.text:ti_sysbios_family_arm_m3_Hwi_excHandler__I)
                  00005878    00000020     empty_pem4f.oem4f (.text:ti_sysbios_gates_GateHwi_Object__delete__S)
                  00005898    00000020     empty_pem4f.oem4f (.text:ti_sysbios_heaps_HeapMem_Object__delete__S)
                  000058b8    00000020     sysbios.aem4f : BIOS.obj (.text:ti_sysbios_knl_Idle_run__E)
                  000058d8    00000020     empty_pem4f.oem4f (.text:ti_sysbios_knl_Semaphore_Object__destruct__S)
                  000058f8    00000020     flame.obj (.text:timerHWI)
                  00005918    00000020     ti.targets.arm.rtsarm.aem4f : Registry.oem4f (.text:xdc_runtime_Registry_findById__E)
                  00005938    00000020                                 : SysMin.oem4f (.text:xdc_runtime_SysMin_Module_startup__E)
                  00005958    0000001e     driverlib.lib : adc.obj (.text:ADCSequenceDataGet)
                  00005976    0000001e     sysbios.aem4f : m3_Hwi_asm_switch.obj (.text:ti_sysbios_family_xxx_Hwi_switchAndRunFunc)
                  00005994    0000001c     drivers_tivaware.aem4f : GPIOTiva.oem4f (.text:getGpioIntIndex)
                  000059b0    0000001c     empty_pem4f.oem4f (.text:ti_sysbios_family_arm_m3_Hwi_Object__destruct__S)
                  000059cc    00000004     --HOLE-- [fill = 0]
                  000059d0    0000001c     sysbios.aem4f : BIOS.obj (.text:ti_sysbios_gates_GateMutex_Instance_init__E)
                  000059ec    0000001c     empty_pem4f.oem4f (.text:ti_sysbios_knl_Queue_Object__destruct__S)
                  00005a08    0000001c     sysbios.aem4f : BIOS.obj (.text:ti_sysbios_knl_Queue_put__E)
                  00005a24    00000004     --HOLE-- [fill = 0]
                  00005a28    0000001c                   : BIOS.obj (.text:ti_sysbios_knl_Task_enter__I)
                  00005a44    0000001c     ti.targets.arm.rtsarm.aem4f : Error.oem4f (.text:xdc_runtime_Error_raiseX__E)
                  00005a60    0000001c                                 : Memory.oem4f (.text:xdc_runtime_Memory_valloc__E)
                  00005a7c    0000001c                                 : SysMin.oem4f (.text:xdc_runtime_SysMin_exit__E)
                  00005a98    0000001c                                 : System.oem4f (.text:xdc_runtime_System_abort__E)
                  00005ab4    0000001a     empty_pem4f.oem4f (.text:ti_sysbios_family_arm_m3_Hwi_Handle__label__S)
                  00005ace    0000001a     empty_pem4f.oem4f (.text:ti_sysbios_gates_GateHwi_Handle__label__S)
                  00005ae8    0000001a     empty_pem4f.oem4f (.text:ti_sysbios_gates_GateMutex_Handle__label__S)
                  00005b02    0000001a     empty_pem4f.oem4f (.text:ti_sysbios_heaps_HeapMem_Handle__label__S)
                  00005b1c    0000001a     empty_pem4f.oem4f (.text:ti_sysbios_knl_Swi_Handle__label__S)
                  00005b36    0000001a     empty_pem4f.oem4f (.text:ti_sysbios_knl_Task_Handle__label__S)
                  00005b50    0000001a     empty_pem4f.oem4f (.text:xdc_runtime_System_aprintf__E)
                  00005b6a    0000001a     empty_pem4f.oem4f (.text:xdc_runtime_System_printf__E)
                  00005b84    00000018     driverlib.lib : adc.obj (.text:ADCProcessorTrigger)
                  00005b9c    00000018     rtsv7M4_T_le_v4SPD16_eabi.lib : args_main.c.obj (.text:_args_main)
                  00005bb4    00000018     empty_pem4f.oem4f (.text:ti_sysbios_BIOS_rtsUnlock__I)
                  00005bcc    00000018     empty_pem4f.oem4f (.text:ti_sysbios_family_arm_lm4_Timer_Module__startupDone__F)
                  00005be4    00000018     empty_pem4f.oem4f (.text:ti_sysbios_family_arm_m3_Hwi_Module__startupDone__F)
                  00005bfc    00000018     sysbios.aem4f : m3_TaskSupport_asm.obj (.text:ti_sysbios_family_arm_m3_TaskSupport_swap__E)
                  00005c14    00000004     --HOLE-- [fill = 0]
                  00005c18    00000018                   : BIOS.obj (.text:ti_sysbios_gates_GateMutex_leave__E)
                  00005c30    00000018                   : BIOS.obj (.text:ti_sysbios_knl_Task_sleepTimeout__I)
                  00005c48    00000018     ti.targets.arm.rtsarm.aem4f : Error.oem4f (.text:xdc_runtime_Error_check__E)
                  00005c60    00000018                                 : System.oem4f (.text:xdc_runtime_System_exit__E)
                  00005c78    00000018                                 : Text.oem4f (.text:xdc_runtime_Text_ropeText__E)
                  00005c90    00000016     driverlib.lib : i2c.obj (.text:I2CMasterErr)
                  00005ca6    00000016     empty_pem4f.oem4f (.text:ti_sysbios_BIOS_exitFunc__I)
                  00005cbc    00000016     flame.obj (.text:ti_sysbios_knl_Task_Params_init)
                  00005cd2    00000014     rtsv7M4_T_le_v4SPD16_eabi.lib : strlen.c.obj (.text:strlen)
                  00005ce6    00000002     --HOLE-- [fill = 0]
                  00005ce8    00000014     empty_pem4f.oem4f (.text:ti_sysbios_family_arm_m3_Hwi_Object__get__S)
                  00005cfc    00000004     --HOLE-- [fill = 0]
                  00005d00    00000014     sysbios.aem4f : BIOS.obj (.text:ti_sysbios_family_arm_m3_Hwi_switchFromBootStack__E)
                  00005d14    00000014     empty_pem4f.oem4f (.text:ti_sysbios_heaps_HeapMem_Object__get__S)
                  00005d28    00000014     empty_pem4f.oem4f (.text:ti_sysbios_knl_Mailbox_Object__get__S)
                  00005d3c    00000014     empty_pem4f.oem4f (.text:ti_sysbios_knl_Swi_Object__get__S)
                  00005d50    00000012     driverlib.lib : gpio.obj (.text:GPIOPinTypeADC)
                  00005d62    00000012                   : gpio.obj (.text:GPIOPinTypeI2C)
                  00005d74    00000012                   : gpio.obj (.text:GPIOPinTypeI2CSCL)
                  00005d86    00000002     --HOLE-- [fill = 0]
                  00005d88    00000012     sysbios.aem4f : BIOS.obj (.text:ti_sysbios_hal_Hwi_Module_startup__E)
                  00005d9a    00000006     driverlib.lib : gpio.obj (.text:GPIOIntClear)
                  00005da0    00000012     sysbios.aem4f : BIOS.obj (.text:ti_sysbios_hal_Timer_Module_startup__E)
                  00005db2    00000012     empty_pem4f.oem4f (.text:xdc_runtime_Startup_exec__I)
                  00005dc4    00000010     empty_pem4f.oem4f (.text:.bootCodeSection:ti_catalog_arm_cortexm4_tiva_ce_Boot_init__I)
                  00005dd4    00000010     drivers_tivaware.aem4f : I2C.oem4f (.text:I2C_Params_init)
                  00005de4    00000004     --HOLE-- [fill = 0]
                  00005de8    00000010     sysbios.aem4f : BIOS.obj (.text:ti_sysbios_BIOS_getCpuFreq__E)
                  00005df8    00000010                   : BIOS.obj (.text:ti_sysbios_BIOS_setThreadType__E)
                  00005e08    00000010                   : BIOS.obj (.text:ti_sysbios_BIOS_start__E)
                  00005e18    00000010                   : m3_TaskSupport_asm.obj (.text:ti_sysbios_family_arm_m3_TaskSupport_glue)
                  00005e28    00000010                   : BIOS.obj (.text:ti_sysbios_gates_GateMutex_Instance_finalize__E)
                  00005e38    00000010                   : BIOS.obj (.text:ti_sysbios_knl_Semaphore_Instance_finalize__E)
                  00005e48    00000010                   : BIOS.obj (.text:ti_sysbios_knl_Swi_disable__E)
                  00005e58    00000010     empty_pem4f.oem4f (.text:ti_sysbios_knl_Task_Object__get__S)
                  00005e68    00000010     sysbios.aem4f : BIOS.obj (.text:ti_sysbios_knl_Task_disable__E)
                  00005e78    00000010     ti.targets.arm.rtsarm.aem4f : Gate.oem4f (.text:xdc_runtime_Gate_leaveSystem__E)
                  00005e88    00000010                                 : Memory.oem4f (.text:xdc_runtime_Memory_free__E)
                  00005e98    00000010                                 : SysMin.oem4f (.text:xdc_runtime_SysMin_ready__E)
                  00005ea8    00000010                                 : System.oem4f (.text:xdc_runtime_System_vsnprintf__E)
                  00005eb8    00000010     empty_pem4f.oem4f (.text:xdc_runtime_Text_visitRope__I)
                  00005ec8    0000000e     driverlib.lib : adc.obj (.text:ADCSequenceEnable)
                  00005ed6    0000000e                   : gpio.obj (.text:GPIOIntStatus)
                  00005ee4    0000000e     rtsv7M4_T_le_v4SPD16_eabi.lib : copy_decompress_none.c.obj (.text:decompress:none:__TI_decompress_none)
                  00005ef2    00000006     driverlib.lib : gpio.obj (.text:GPIOPinWrite)
                  00005ef8    0000000e     sysbios.aem4f : BIOS.obj (.text:ti_sysbios_knl_Idle_loop__E)
                  00005f06    00000002     --HOLE-- [fill = 0]
                  00005f08    0000000e                   : BIOS.obj (.text:ti_sysbios_knl_Queue_empty__E)
                  00005f16    00000002     --HOLE-- [fill = 0]
                  00005f18    0000000c     rtsv7M4_T_le_v4SPD16_eabi.lib : _lock.c.obj (.text:_register_lock)
                  00005f24    0000000c                                   : _lock.c.obj (.text:_register_unlock)
                  00005f30    0000000c                                   : copy_zero_init.c.obj (.text:decompress:ZI:__TI_zero_init)
                  00005f3c    00000004     --HOLE-- [fill = 0]
                  00005f40    0000000c     sysbios.aem4f : BIOS.obj (.text:ti_sysbios_family_arm_lm4_Timer_getMaxTicks__E)
                  00005f4c    0000000c     empty_pem4f.oem4f (.text:ti_sysbios_family_arm_m3_Hwi_Params__init__S)
                  00005f58    0000000c     sysbios.aem4f : BIOS.obj (.text:ti_sysbios_family_arm_m3_Hwi_disableFxn__E)
                  00005f64    00000004     --HOLE-- [fill = 0]
                  00005f68    0000000c                   : BIOS.obj (.text:ti_sysbios_family_arm_m3_TaskSupport_checkStack__E)
                  00005f74    00000004     --HOLE-- [fill = 0]
                  00005f78    0000000c                   : BIOS.obj (.text:ti_sysbios_family_arm_m3_TaskSupport_getStackAlignment__E)
                  00005f84    00000004     --HOLE-- [fill = 0]
                  00005f88    0000000c                   : BIOS.obj (.text:ti_sysbios_gates_GateHwi_enter__E)
                  00005f94    0000000c     empty_pem4f.oem4f (.text:ti_sysbios_knl_Queue_Object__get__S)
                  00005fa0    0000000c     empty_pem4f.oem4f (.text:ti_sysbios_knl_Semaphore_Params__init__S)
                  00005fac    0000000c     empty_pem4f.oem4f (.text:ti_sysbios_knl_Task_Params__init__S)
                  00005fb8    0000000c     ti.targets.arm.rtsarm.aem4f : Error.oem4f (.text:xdc_runtime_Error_init__E)
                  00005fc4    0000000c                                 : Gate.oem4f (.text:xdc_runtime_Gate_enterSystem__E)
                  00005fd0    0000000c                                 : Memory.oem4f (.text:xdc_runtime_Memory_calloc__E)
                  00005fdc    0000000c                                 : Memory.oem4f (.text:xdc_runtime_Memory_getMaxDefaultTypeAlign__E)
                  00005fe8    0000000a     driverlib.lib : adc.obj (.text:ADCIntClear)
                  00005ff2    0000000a                   : i2c.obj (.text:I2CMasterDisable)
                  00005ffc    0000000a                   : i2c.obj (.text:I2CMasterEnable)
                  00006006    0000000a     drivers_tivaware.aem4f : I2CTiva.oem4f (.text:I2CTiva_init)
                  00006010    0000000a                            : I2C.oem4f (.text:I2C_close)
                  0000601a    0000000a                            : I2C.oem4f (.text:I2C_transfer)
                  00006024    0000000a     empty_pem4f.oem4f (.text:xdc_runtime_IHeap_alloc)
                  0000602e    0000000a     empty_pem4f.oem4f (.text:xdc_runtime_IHeap_free)
                  00006038    00000008     EK_TM4C1294XL.obj (.text:EK_TM4C1294XL_initGPIO)
                  00006040    00000008     driverlib.lib : i2c.obj (.text:I2CMasterIntClear)
                  00006048    00000008                   : i2c.obj (.text:I2CMasterSlaveAddrSet)
                  00006050    00000008     drivers_tivaware.aem4f : I2CTiva.oem4f (.text:I2CTiva_blockingCallback)
                  00006058    00000008     sysbios.aem4f : BIOS.obj (.text:ti_sysbios_family_arm_lm4_Timer_masterDisable__I)
                  00006060    00000008                   : BIOS.obj (.text:ti_sysbios_family_arm_m3_Hwi_doSwiRestore__I)
                  00006068    00000008                   : BIOS.obj (.text:ti_sysbios_family_arm_m3_Hwi_startup__E)
                  00006070    00000006     driverlib.lib : i2c.obj (.text:I2CMasterIntDisable)
                  00006076    00000006                   : i2c.obj (.text:I2CMasterIntEnable)
                  0000607c    00000006     drivers_tivaware.aem4f : I2CTiva.oem4f (.text:I2CTiva_control)
                  00006082    00000006     driverlib.lib : sysctl.obj (.text:SysCtlDelay)
                  00006088    00000006     sysbios.aem4f : BIOS.obj (.text:ti_sysbios_family_arm_m3_Hwi_doTaskRestore__I)
                  0000608e    00000002     --HOLE-- [fill = 0]
                  00006090    00000006                   : BIOS.obj (.text:ti_sysbios_family_arm_m3_Hwi_restoreFxn__E)
                  00006096    00000002     --HOLE-- [fill = 0]
                  00006098    00000006                   : BIOS.obj (.text:ti_sysbios_gates_GateHwi_leave__E)
                  0000609e    00000002     --HOLE-- [fill = 0]
                  000060a0    00000006                   : BIOS.obj (.text:ti_sysbios_heaps_HeapMem_isBlocking__E)
                  000060a6    00000002     --HOLE-- [fill = 0]
                  000060a8    00000006                   : BIOS.obj (.text:ti_sysbios_knl_Queue_Instance_init__E)
                  000060ae    00000002     --HOLE-- [fill = 0]
                  000060b0    00000006                   : BIOS.obj (.text:ti_sysbios_knl_Swi_startup__E)
                  000060b6    00000006     ti.targets.arm.rtsarm.aem4f : System.oem4f (.text:xdc_runtime_System_Module_startup__E)
                  000060bc    00000004     --HOLE-- [fill = 0]
                  000060c0    00000004     sysbios.aem4f : BIOS.obj (.text:ti_sysbios_gates_GateHwi_query__E)
                  000060c4    00000004     --HOLE-- [fill = 0]
                  000060c8    00000004                   : BIOS.obj (.text:ti_sysbios_gates_GateMutex_query__E)
                  000060cc    00000004     --HOLE-- [fill = 0]
                  000060d0    00000004                   : BIOS.obj (.text:ti_sysbios_knl_Task_startup__E)
                  000060d4    00000004     --HOLE-- [fill = 0]
                  000060d8    00000002                   : BIOS.obj (.text:ti_sysbios_gates_GateHwi_Instance_init__E)
                  000060da    00000006     --HOLE-- [fill = 0]
                  000060e0    00000002                   : BIOS.obj (.text:ti_sysbios_knl_Clock_logTick__E)

.const     0    000060e4    00002236     
                  000060e4    00001911     empty_pem4f.oem4f (.const:xdc_runtime_Text_charTab__A)
                  000079f5    00000001     empty_pem4f.oem4f (.const:xdc_runtime_Error_policy__C)
                  000079f6    00000002     empty_pem4f.oem4f (.const:ti_catalog_arm_cortexm4_tiva_ce_Boot_Module__id__C)
                  000079f8    00000120     Boot.aem4f : Boot_sysctl.oem4f (.const:g_pppui32XTALtoVCO)
                  00007b18    000000c8     empty_pem4f.oem4f (.const:xdc_runtime_Text_nodeTab__A)
                  00007be0    00000090     driverlib.lib : gpio.obj (.const:g_pui32GPIOBaseAddrs)
                  00007c70    0000006c     Boot.aem4f : Boot_sysctl.oem4f (.const:g_pui32Xtals)
                  00007cdc    00000054     drivers_tivaware.aem4f : GPIOTiva.oem4f (.const:.string)
                  00007d30    00000048     empty_pem4f.oem4f (.const:.string)
                  00007d78    00000048     drivers_tivaware.aem4f : GPIOTiva.oem4f (.const:gpioBaseAddresses)
                  00007dc0    0000003c     empty_pem4f.oem4f (.const:ti_sysbios_knl_Task_Object__PARAMS__C)
                  00007dfc    00000030     Boot.aem4f : Boot_sysctl.oem4f (.const:g_sXTALtoMEMTIM)
                  00007e2c    00000030     empty_pem4f.oem4f (.const:ti_sysbios_family_arm_m3_Hwi_Object__PARAMS__C)
                  00007e5c    00000028     empty_pem4f.oem4f (.const:ti_sysbios_heaps_HeapMem_Module__FXNS__C)
                  00007e84    00000028     empty_pem4f.oem4f (.const:xdc_runtime_Startup_sfxnTab__A)
                  00007eac    00000024     EK_TM4C1294XL.obj (.const:I2C_config)
                  00007ed0    00000024     empty_pem4f.oem4f (.const:ti_sysbios_gates_GateHwi_Module__FXNS__C)
                  00007ef4    00000024     empty_pem4f.oem4f (.const:ti_sysbios_gates_GateMutex_Module__FXNS__C)
                  00007f18    00000024     empty_pem4f.oem4f (.const:ti_sysbios_heaps_HeapMem_Object__PARAMS__C)
                  00007f3c    00000024     empty_pem4f.oem4f (.const:ti_sysbios_knl_Semaphore_Object__PARAMS__C)
                  00007f60    00000020     empty_pem4f.oem4f (.const:ti_sysbios_family_arm_m3_Hwi_Object__DESC__C)
                  00007f80    00000020     empty_pem4f.oem4f (.const:ti_sysbios_gates_GateHwi_Object__DESC__C)
                  00007fa0    00000020     empty_pem4f.oem4f (.const:ti_sysbios_gates_GateMutex_Object__DESC__C)
                  00007fc0    00000020     empty_pem4f.oem4f (.const:ti_sysbios_heaps_HeapMem_Object__DESC__C)
                  00007fe0    00000020     empty_pem4f.oem4f (.const:ti_sysbios_knl_Queue_Object__DESC__C)
                  00008000    00000020     empty_pem4f.oem4f (.const:ti_sysbios_knl_Semaphore_Object__DESC__C)
                  00008020    00000020     empty_pem4f.oem4f (.const:ti_sysbios_knl_Task_Object__DESC__C)
                  00008040    0000001c     drivers_tivaware.aem4f : I2CTiva.oem4f (.const)
                  0000805c    00000018     EK_TM4C1294XL.obj (.const:i2cTivaHWAttrs)
                  00008074    00000018     empty_pem4f.oem4f (.const:ti_sysbios_gates_GateHwi_Object__PARAMS__C)
                  0000808c    00000018     empty_pem4f.oem4f (.const:ti_sysbios_gates_GateMutex_Object__PARAMS__C)
                  000080a4    00000018     empty_pem4f.oem4f (.const:ti_sysbios_knl_Queue_Object__PARAMS__C)
                  000080bc    00000014     EK_TM4C1294XL.obj (.const:GPIOTiva_config)
                  000080d0    00000014     empty_pem4f.oem4f (.const:xdc_runtime_Startup_firstFxns__A)
                  000080e4    00000014     empty_pem4f.oem4f (.const:xdc_runtime_Startup_sfxnRts__A)
                  000080f8    00000010     drivers_tivaware.aem4f : I2C.oem4f (.const)
                  00008108    00000010     empty_pem4f.oem4f (.const)
                  00008118    00000008     Boot.aem4f : Boot_sysctl.oem4f (.const)
                  00008120    00000008     empty_pem4f.oem4f (.const:ti_sysbios_family_arm_m3_Hwi_excHookFuncs__A)
                  00008128    00000008     empty_pem4f.oem4f (.const:ti_sysbios_knl_Idle_funcList__C)
                  00008130    00000008     empty_pem4f.oem4f (.const:xdc_runtime_Startup_firstFxns__C)
                  00008138    00000008     empty_pem4f.oem4f (.const:xdc_runtime_Startup_lastFxns__C)
                  00008140    00000004     empty_pem4f.oem4f (.const:ti_catalog_arm_cortexm4_tiva_ce_Boot_A_mustNotUseEnhancedClockMode__C)
                  00008144    00000004     empty_pem4f.oem4f (.const:ti_catalog_arm_cortexm4_tiva_ce_Boot_Module__diagsEnabled__C)
                  00008148    00000004     empty_pem4f.oem4f (.const:ti_catalog_arm_cortexm4_tiva_ce_Boot_Module__diagsIncluded__C)
                  0000814c    00000004     empty_pem4f.oem4f (.const:ti_catalog_arm_cortexm4_tiva_ce_Boot_Module__diagsMask__C)
                  00008150    00000004     empty_pem4f.oem4f (.const:ti_sysbios_family_arm_lm4_Timer_enableFunc__C)
                  00008154    00000004     empty_pem4f.oem4f (.const:ti_sysbios_family_arm_lm4_Timer_numTimerDevices__C)
                  00008158    00000004     empty_pem4f.oem4f (.const:ti_sysbios_family_arm_lm4_Timer_startupNeeded__C)
                  0000815c    00000004     empty_pem4f.oem4f (.const:ti_sysbios_family_arm_m3_Hwi_E_NMI__C)
                  00008160    00000004     empty_pem4f.oem4f (.const:ti_sysbios_family_arm_m3_Hwi_E_alreadyDefined__C)
                  00008164    00000004     empty_pem4f.oem4f (.const:ti_sysbios_family_arm_m3_Hwi_E_busFault__C)
                  00008168    00000004     empty_pem4f.oem4f (.const:ti_sysbios_family_arm_m3_Hwi_E_debugMon__C)
                  0000816c    00000004     empty_pem4f.oem4f (.const:ti_sysbios_family_arm_m3_Hwi_E_hardFault__C)
                  00008170    00000004     empty_pem4f.oem4f (.const:ti_sysbios_family_arm_m3_Hwi_E_memFault__C)
                  00008174    00000004     empty_pem4f.oem4f (.const:ti_sysbios_family_arm_m3_Hwi_E_noIsr__C)
                  00008178    00000004     empty_pem4f.oem4f (.const:ti_sysbios_family_arm_m3_Hwi_E_reserved__C)
                  0000817c    00000004     empty_pem4f.oem4f (.const:ti_sysbios_family_arm_m3_Hwi_E_svCall__C)
                  00008180    00000004     empty_pem4f.oem4f (.const:ti_sysbios_family_arm_m3_Hwi_E_usageFault__C)
                  00008184    00000004     empty_pem4f.oem4f (.const:ti_sysbios_family_arm_m3_Hwi_NUM_INTERRUPTS__C)
                  00008188    00000004     empty_pem4f.oem4f (.const:ti_sysbios_family_arm_m3_Hwi_Object__count__C)
                  0000818c    00000004     empty_pem4f.oem4f (.const:ti_sysbios_family_arm_m3_Hwi_ccr__C)
                  00008190    00000004     empty_pem4f.oem4f (.const:ti_sysbios_family_arm_m3_Hwi_excHandlerFunc__C)
                  00008194    00000004     empty_pem4f.oem4f (.const:ti_sysbios_family_arm_m3_Hwi_excHookFuncs__C)
                  00008198    00000004     empty_pem4f.oem4f (.const:ti_sysbios_family_arm_m3_Hwi_nullIsrFunc__C)
                  0000819c    00000004     empty_pem4f.oem4f (.const:ti_sysbios_family_arm_m3_Hwi_priGroup__C)
                  000081a0    00000004     empty_pem4f.oem4f (.const:ti_sysbios_family_arm_m3_TaskSupport_stackAlignment__C)
                  000081a4    00000004     empty_pem4f.oem4f (.const:ti_sysbios_gates_GateMutex_A_badContext__C)
                  000081a8    00000004     empty_pem4f.oem4f (.const:ti_sysbios_gates_GateMutex_Instance_State_sem__O)
                  000081ac    00000004     empty_pem4f.oem4f (.const:ti_sysbios_gates_GateMutex_Module__diagsEnabled__C)
                  000081b0    00000004     empty_pem4f.oem4f (.const:ti_sysbios_gates_GateMutex_Module__diagsIncluded__C)
                  000081b4    00000004     empty_pem4f.oem4f (.const:ti_sysbios_gates_GateMutex_Module__diagsMask__C)
                  000081b8    00000004     empty_pem4f.oem4f (.const:ti_sysbios_hal_Hwi_E_stackOverflow__C)
                  000081bc    00000004     empty_pem4f.oem4f (.const:ti_sysbios_heaps_HeapMem_A_align__C)
                  000081c0    00000004     empty_pem4f.oem4f (.const:ti_sysbios_heaps_HeapMem_A_heapSize__C)
                  000081c4    00000004     empty_pem4f.oem4f (.const:ti_sysbios_heaps_HeapMem_A_invalidFree__C)
                  000081c8    00000004     empty_pem4f.oem4f (.const:ti_sysbios_heaps_HeapMem_A_zeroBlock__C)
                  000081cc    00000004     empty_pem4f.oem4f (.const:ti_sysbios_heaps_HeapMem_E_memory__C)
                  000081d0    00000004     empty_pem4f.oem4f (.const:ti_sysbios_heaps_HeapMem_Module__diagsEnabled__C)
                  000081d4    00000004     empty_pem4f.oem4f (.const:ti_sysbios_heaps_HeapMem_Module__diagsIncluded__C)
                  000081d8    00000004     empty_pem4f.oem4f (.const:ti_sysbios_heaps_HeapMem_Module__diagsMask__C)
                  000081dc    00000004     empty_pem4f.oem4f (.const:ti_sysbios_heaps_HeapMem_Module__gateObj__C)
                  000081e0    00000004     empty_pem4f.oem4f (.const:ti_sysbios_heaps_HeapMem_Object__count__C)
                  000081e4    00000004     empty_pem4f.oem4f (.const:ti_sysbios_heaps_HeapMem_reqAlign__C)
                  000081e8    00000004     empty_pem4f.oem4f (.const:ti_sysbios_knl_Clock_Module_State_clockQ__O)
                  000081ec    00000004     empty_pem4f.oem4f (.const:ti_sysbios_knl_Idle_funcList__A)
                  000081f0    00000004     empty_pem4f.oem4f (.const:ti_sysbios_knl_Mailbox_Instance_State_dataQue__O)
                  000081f4    00000004     empty_pem4f.oem4f (.const:ti_sysbios_knl_Mailbox_Instance_State_dataSem__O)
                  000081f8    00000004     empty_pem4f.oem4f (.const:ti_sysbios_knl_Mailbox_Instance_State_freeQue__O)
                  000081fc    00000004     empty_pem4f.oem4f (.const:ti_sysbios_knl_Mailbox_Instance_State_freeSem__O)
                  00008200    00000004     empty_pem4f.oem4f (.const:ti_sysbios_knl_Mailbox_Object__count__C)
                  00008204    00000004     empty_pem4f.oem4f (.const:ti_sysbios_knl_Mailbox_maxTypeAlign__C)
                  00008208    00000004     empty_pem4f.oem4f (.const:ti_sysbios_knl_Semaphore_A_badContext__C)
                  0000820c    00000004     empty_pem4f.oem4f (.const:ti_sysbios_knl_Semaphore_A_noEvents__C)
                  00008210    00000004     empty_pem4f.oem4f (.const:ti_sysbios_knl_Semaphore_A_overflow__C)
                  00008214    00000004     empty_pem4f.oem4f (.const:ti_sysbios_knl_Semaphore_A_pendTaskDisabled__C)
                  00008218    00000004     empty_pem4f.oem4f (.const:ti_sysbios_knl_Semaphore_Instance_State_pendQ__O)
                  0000821c    00000004     empty_pem4f.oem4f (.const:ti_sysbios_knl_Semaphore_Module__diagsEnabled__C)
                  00008220    00000004     empty_pem4f.oem4f (.const:ti_sysbios_knl_Semaphore_Module__diagsIncluded__C)
                  00008224    00000004     empty_pem4f.oem4f (.const:ti_sysbios_knl_Semaphore_Module__diagsMask__C)
                  00008228    00000004     empty_pem4f.oem4f (.const:ti_sysbios_knl_Swi_Object__count__C)
                  0000822c    00000004     empty_pem4f.oem4f (.const:ti_sysbios_knl_Task_A_badPriority__C)
                  00008230    00000004     empty_pem4f.oem4f (.const:ti_sysbios_knl_Task_A_badTaskState__C)
                  00008234    00000004     empty_pem4f.oem4f (.const:ti_sysbios_knl_Task_A_badThreadType__C)
                  00008238    00000004     empty_pem4f.oem4f (.const:ti_sysbios_knl_Task_A_badTimeout__C)
                  0000823c    00000004     empty_pem4f.oem4f (.const:ti_sysbios_knl_Task_A_noPendElem__C)
                  00008240    00000004     empty_pem4f.oem4f (.const:ti_sysbios_knl_Task_A_sleepTaskDisabled__C)
                  00008244    00000004     empty_pem4f.oem4f (.const:ti_sysbios_knl_Task_E_spOutOfBounds__C)
                  00008248    00000004     empty_pem4f.oem4f (.const:ti_sysbios_knl_Task_E_stackOverflow__C)
                  0000824c    00000004     empty_pem4f.oem4f (.const:ti_sysbios_knl_Task_Module_State_inactiveQ__O)
                  00008250    00000004     empty_pem4f.oem4f (.const:ti_sysbios_knl_Task_Module__diagsEnabled__C)
                  00008254    00000004     empty_pem4f.oem4f (.const:ti_sysbios_knl_Task_Module__diagsIncluded__C)
                  00008258    00000004     empty_pem4f.oem4f (.const:ti_sysbios_knl_Task_Module__diagsMask__C)
                  0000825c    00000004     empty_pem4f.oem4f (.const:ti_sysbios_knl_Task_Object__count__C)
                  00008260    00000004     empty_pem4f.oem4f (.const:ti_sysbios_knl_Task_allBlockedFunc__C)
                  00008264    00000004     empty_pem4f.oem4f (.const:ti_sysbios_knl_Task_defaultStackHeap__C)
                  00008268    00000004     empty_pem4f.oem4f (.const:ti_sysbios_knl_Task_defaultStackSize__C)
                  0000826c    00000004     empty_pem4f.oem4f (.const:ti_sysbios_knl_Task_numConstructedTasks__C)
                  00008270    00000004     empty_pem4f.oem4f (.const:xdc_runtime_Assert_E_assertFailed__C)
                  00008274    00000004     empty_pem4f.oem4f (.const:xdc_runtime_Core_A_initializedParams__C)
                  00008278    00000004     empty_pem4f.oem4f (.const:xdc_runtime_Core_Module__diagsEnabled__C)
                  0000827c    00000004     empty_pem4f.oem4f (.const:xdc_runtime_Core_Module__diagsIncluded__C)
                  00008280    00000004     empty_pem4f.oem4f (.const:xdc_runtime_Core_Module__diagsMask__C)
                  00008284    00000004     empty_pem4f.oem4f (.const:xdc_runtime_Error_E_memory__C)
                  00008288    00000004     empty_pem4f.oem4f (.const:xdc_runtime_Error_Module__diagsEnabled__C)
                  0000828c    00000004     empty_pem4f.oem4f (.const:xdc_runtime_Error_Module__diagsIncluded__C)
                  00008290    00000004     empty_pem4f.oem4f (.const:xdc_runtime_Error_Module__diagsMask__C)
                  00008294    00000004     empty_pem4f.oem4f (.const:xdc_runtime_Error_Module__loggerFxn8__C)
                  00008298    00000004     empty_pem4f.oem4f (.const:xdc_runtime_Error_Module__loggerObj__C)
                  0000829c    00000004     empty_pem4f.oem4f (.const:xdc_runtime_Error_policyFxn__C)
                  000082a0    00000004     empty_pem4f.oem4f (.const:xdc_runtime_Error_raiseHook__C)
                  000082a4    00000004     empty_pem4f.oem4f (.const:xdc_runtime_IGateProvider_Interface__BASE__C)
                  000082a8    00000004     empty_pem4f.oem4f (.const:xdc_runtime_IHeap_Interface__BASE__C)
                  000082ac    00000004     empty_pem4f.oem4f (.const:xdc_runtime_IModule_Interface__BASE__C)
                  000082b0    00000004     empty_pem4f.oem4f (.const:xdc_runtime_Log_L_error__C)
                  000082b4    00000004     empty_pem4f.oem4f (.const:xdc_runtime_Memory_defaultHeapInstance__C)
                  000082b8    00000004     empty_pem4f.oem4f (.const:xdc_runtime_Startup_execImpl__C)
                  000082bc    00000004     empty_pem4f.oem4f (.const:xdc_runtime_Startup_maxPasses__C)
                  000082c0    00000004     empty_pem4f.oem4f (.const:xdc_runtime_Startup_sfxnRts__C)
                  000082c4    00000004     empty_pem4f.oem4f (.const:xdc_runtime_Startup_sfxnTab__C)
                  000082c8    00000004     empty_pem4f.oem4f (.const:xdc_runtime_SysMin_bufSize__C)
                  000082cc    00000004     empty_pem4f.oem4f (.const:xdc_runtime_SysMin_outputFunc__C)
                  000082d0    00000004     empty_pem4f.oem4f (.const:xdc_runtime_System_Module__gateObj__C)
                  000082d4    00000004     empty_pem4f.oem4f (.const:xdc_runtime_System_abortFxn__C)
                  000082d8    00000004     empty_pem4f.oem4f (.const:xdc_runtime_System_exitFxn__C)
                  000082dc    00000004     empty_pem4f.oem4f (.const:xdc_runtime_System_extendFxn__C)
                  000082e0    00000004     empty_pem4f.oem4f (.const:xdc_runtime_System_maxAtexitHandlers__C)
                  000082e4    00000004     empty_pem4f.oem4f (.const:xdc_runtime_Text_charTab__C)
                  000082e8    00000004     empty_pem4f.oem4f (.const:xdc_runtime_Text_nameEmpty__C)
                  000082ec    00000004     empty_pem4f.oem4f (.const:xdc_runtime_Text_nameStatic__C)
                  000082f0    00000004     empty_pem4f.oem4f (.const:xdc_runtime_Text_nameUnknown__C)
                  000082f4    00000004     empty_pem4f.oem4f (.const:xdc_runtime_Text_nodeTab__C)
                  000082f8    00000004     empty_pem4f.oem4f (.const:xdc_runtime_Text_visitRopeFxn__C)
                  000082fc    00000002     empty_pem4f.oem4f (.const:ti_sysbios_family_arm_m3_Hwi_Module__id__C)
                  000082fe    00000002     empty_pem4f.oem4f (.const:ti_sysbios_gates_GateMutex_Module__id__C)
                  00008300    00000002     empty_pem4f.oem4f (.const:ti_sysbios_hal_Hwi_Module__id__C)
                  00008302    00000002     empty_pem4f.oem4f (.const:ti_sysbios_heaps_HeapMem_Module__id__C)
                  00008304    00000002     empty_pem4f.oem4f (.const:ti_sysbios_knl_Semaphore_Module__id__C)
                  00008306    00000002     empty_pem4f.oem4f (.const:ti_sysbios_knl_Task_Module__id__C)
                  00008308    00000002     empty_pem4f.oem4f (.const:xdc_runtime_Core_Module__id__C)
                  0000830a    00000002     empty_pem4f.oem4f (.const:xdc_runtime_Error_Module__loggerDefined__C)
                  0000830c    00000002     empty_pem4f.oem4f (.const:xdc_runtime_Error_maxDepth__C)
                  0000830e    00000002     empty_pem4f.oem4f (.const:xdc_runtime_Memory_Module__id__C)
                  00008310    00000002     empty_pem4f.oem4f (.const:xdc_runtime_SysMin_flushAtExit__C)
                  00008312    00000002     empty_pem4f.oem4f (.const:xdc_runtime_Text_charCnt__C)
                  00008314    00000002     empty_pem4f.oem4f (.const:xdc_runtime_Text_isLoaded__C)
                  00008316    00000002     empty_pem4f.oem4f (.const:xdc_runtime_Text_registryModsLastId__C)
                  00008318    00000002     empty_pem4f.oem4f (.const:xdc_runtime_Text_unnamedModsLastId__C)

.cinit     0    00008320    00000270     
                  00008320    0000023c     (.cinit..data.load) [load image, compression = lzss]
                  0000855c    0000000c     (__TI_handler_table)
                  00008568    00000008     (.cinit..bss.load) [load image, compression = zero_init]
                  00008570    00000008     (.cinit..vecs.load) [load image, compression = zero_init]
                  00008578    00000018     (__TI_cinit_table)

.init_array 
*          0    00000000    00000000     UNINITIALIZED

.resetVecs 
*          0    00000000    0000003c     
                  00000000    0000003c     empty_pem4f.oem4f (.resetVecs)

.bss       0    20000360    00001220     UNINITIALIZED
                  20000360    00000400     empty_pem4f.oem4f (.bss:taskStackSection)
                  20000760    00000400     (.common:ti_sysbios_heaps_HeapMem_Instance_State_0_buf__A)
                  20000b60    00000360     (.common:ti_sysbios_family_arm_m3_Hwi_dispatchTable)
                  20000ec0    00000280     (.common:task0Stack)
                  20001140    00000120     rtsv7M4_T_le_v4SPD16_eabi.lib : trgmsg.c.obj (.bss:_CIOBUF_)
                  20001260    00000100     (.common:i2cTivaObjects)
                  20001360    000000a0     (.common:ti_sysbios_knl_Mailbox_Instance_State_0_allocBuf__A)
                  20001400    00000090     drivers_tivaware.aem4f : GPIOTiva.oem4f (.bss:gpioCallbackInfo)
                  20001490    00000080     (.common:xdc_runtime_SysMin_Module_State_0_outbuf__A)
                  20001510    00000050     (.common:task0Struct)
                  20001560    0000000c     flame.obj (.bss)
                  2000156c    00000008     (.common:ADCValues)
                  20001574    00000008     (.common:parmbuf)
                  2000157c    00000004     (.common:gpioInterruptVectors)

.data      0    20001580    00000556     UNINITIALIZED
                  20001580    00000098     empty_pem4f.oem4f (.data:ti_sysbios_knl_Task_Object__table__V)
                  20001618    00000080     empty_pem4f.oem4f (.data:ti_sysbios_family_arm_lm4_Timer_Object__table__V)
                  20001698    00000080     empty_pem4f.oem4f (.data:ti_sysbios_knl_Swi_Module_State_0_readyQ__A)
                  20001718    00000080     empty_pem4f.oem4f (.data:ti_sysbios_knl_Task_Module_State_0_readyQ__A)
                  20001798    00000060     empty_pem4f.oem4f (.data:ti_sysbios_knl_Swi_Object__table__V)
                  200017f8    00000050     empty_pem4f.oem4f (.data:ti_sysbios_knl_Mailbox_Object__table__V)
                  20001848    00000044     empty_pem4f.oem4f (.data:ti_sysbios_knl_Task_Module__state__V)
                  2000188c    00000040     empty_pem4f.oem4f (.data:ti_sysbios_family_arm_lm4_Timer_Module_State_0_device__A)
                  200018cc    00000038     empty_pem4f.oem4f (.data:ti_sysbios_gates_GateMutex_Object__table__V)
                  20001904    00000034     empty_pem4f.oem4f (.data:ti_sysbios_family_arm_m3_Hwi_Module__state__V)
                  20001938    00000030     empty_pem4f.oem4f (.data:ti_sysbios_family_arm_m3_Hwi_Object__table__V)
                  20001968    0000002c     empty_pem4f.oem4f (.data:ti_sysbios_knl_Clock_Module__state__V)
                  20001994    00000024     empty_pem4f.oem4f (.data:ti_sysbios_BIOS_Module__state__V)
                  200019b8    00000020     empty_pem4f.oem4f (.data:ti_sysbios_family_arm_lm4_Timer_Module_State_0_handles__A)
                  200019d8    0000001c     empty_pem4f.oem4f (.data:ti_sysbios_knl_Swi_Module__state__V)
                  200019f4    00000018     empty_pem4f.oem4f (.data:ti_sysbios_heaps_HeapMem_Object__table__V)
                  20001a0c    00000010     EK_TM4C1294XL.obj (.data:gpioPinConfigs)
                  20001a1c    0000000c     flame.obj (.data)
                  20001a28    0000000c     empty_pem4f.oem4f (.data:ti_sysbios_family_arm_lm4_Timer_Module__state__V)
                  20001a34    0000000c     empty_pem4f.oem4f (.data:xdc_runtime_SysMin_Module__state__V)
                  20001a40    00000008     rtsv7M4_T_le_v4SPD16_eabi.lib : _lock.c.obj (.data:$O1$$)
                  20001a48    00000008     EK_TM4C1294XL.obj (.data:gpioCallbackFunctions)
                  20001a50    00000008     empty_pem4f.oem4f (.data:ti_sysbios_family_arm_m3_Hwi_Module__root__V)
                  20001a58    00000008     empty_pem4f.oem4f (.data:ti_sysbios_gates_GateHwi_Module__root__V)
                  20001a60    00000008     empty_pem4f.oem4f (.data:ti_sysbios_gates_GateMutex_Module__root__V)
                  20001a68    00000008     empty_pem4f.oem4f (.data:ti_sysbios_hal_Timer_Object__table__V)
                  20001a70    00000008     empty_pem4f.oem4f (.data:ti_sysbios_heaps_HeapMem_Module__root__V)
                  20001a78    00000008     empty_pem4f.oem4f (.data:ti_sysbios_knl_Queue_Module__root__V)
                  20001a80    00000008     empty_pem4f.oem4f (.data:ti_sysbios_knl_Semaphore_Module__root__V)
                  20001a88    00000008     empty_pem4f.oem4f (.data:ti_sysbios_knl_Task_Module__root__V)
                  20001a90    00000008     empty_pem4f.oem4f (.data:xdc_runtime_Registry_Module__state__V)
                  20001a98    00000008     empty_pem4f.oem4f (.data:xdc_runtime_Startup_Module__state__V)
                  20001aa0    00000008     empty_pem4f.oem4f (.data:xdc_runtime_System_Module_State_0_atexitHandlers__A)
                  20001aa8    00000008     empty_pem4f.oem4f (.data:xdc_runtime_System_Module__state__V)
                  20001ab0    00000005     drivers_tivaware.aem4f : GPIOTiva.oem4f (.data)
                  20001ab5    00000001     --HOLE--
                  20001ab6    00000002     empty_pem4f.oem4f (.data:ti_sysbios_family_arm_m3_Hwi_Module_State_0_excActive__A)
                  20001ab8    00000004     drivers_tivaware.aem4f : I2C.oem4f (.data)
                  20001abc    00000004     rtsv7M4_T_le_v4SPD16_eabi.lib : stkdepth_vars.c.obj (.data)
                  20001ac0    00000004     empty_pem4f.oem4f (.data:ti_sysbios_family_arm_m3_Hwi_Module_State_0_excContext__A)
                  20001ac4    00000004     empty_pem4f.oem4f (.data:ti_sysbios_family_arm_m3_Hwi_Module_State_0_excStack__A)
                  20001ac8    00000004     empty_pem4f.oem4f (.data:ti_sysbios_gates_GateHwi_Object__table__V)
                  20001acc    00000004     empty_pem4f.oem4f (.data:ti_sysbios_knl_Task_Module_State_0_idleTask__A)
                  20001ad0    00000004     empty_pem4f.oem4f (.data:xdc_runtime_Memory_Module__state__V)
                  20001ad4    00000002     empty_pem4f.oem4f (.data:xdc_runtime_Error_Module__state__V)

.stack     0    20001ad8    00000300     UNINITIALIZED
                  20001ad8    00000300     --HOLE--

.bootVecs 
*          0    00000000    00000008     DSECT
                  00000000    00000008     boot.aem4f : boot.oem4f (.bootVecs)

.vecs      0    20000000    00000360     UNINITIALIZED
                  20000000    00000360     empty_pem4f.oem4f (.vecs)

xdc.meta   0    00000000    000000e1     COPY SECTION
                  00000000    000000e1     empty_pem4f.oem4f (xdc.meta)

__llvm_prf_cnts 
*          0    20000000    00000000     UNINITIALIZED

MODULE SUMMARY

       Module                       code    ro data   rw data
       ------                       ----    -------   -------
    .\
       flame.obj                    734     0         752    
       EK_TM4C1294XL.obj            296     80        280    
    +--+----------------------------+-------+---------+---------+
       Total:                       1030    80        1032   
                                                             
    C:\Users\tasmi\workspace_v10\flame_check\Debug\configPkg\package\cfg\
       empty_pem4f.oem4f            1810    7942      5372   
    +--+----------------------------+-------+---------+---------+
       Total:                       1810    7942      5372   
                                                             
    C:/ti/tirtos_tivac_2_16_00_08/products/TivaWare_C_Series-2.1.1.71b/driverlib/ccs/Debug/driverlib.lib
       gpio.obj                     584     144       0      
       adc.obj                      308     0         0      
       i2c.obj                      154     0         0      
       sysctl.obj                   138     0         0      
    +--+----------------------------+-------+---------+---------+
       Total:                       1184    144       0      
                                                             
    C:/ti/tirtos_tivac_2_16_00_08/products/tidrivers_tivac_2_16_00_08/packages/ti/drivers/lib/drivers_tivaware.aem4f
       GPIOTiva.oem4f               764     156       153    
       I2CTiva.oem4f                798     28        0      
       I2C.oem4f                    140     16        4      
    +--+----------------------------+-------+---------+---------+
       Total:                       1702    200       157    
                                                             
    C:\Users\tasmi\workspace_v10\flame_check\src\sysbios\sysbios.aem4f
       BIOS.obj                     12368   0         0      
       m3_Hwi_asm.obj               314     0         0      
       m3_TaskSupport_asm.obj       180     0         0      
       m3_Hwi_asm_switch.obj        118     0         0      
    +--+----------------------------+-------+---------+---------+
       Total:                       12980   0         0      
                                                             
    C:\ti\ccs1031\ccs\tools\compiler\ti-cgt-arm_20.2.4.LTS\lib\rtsv7M4_T_le_v4SPD16_eabi.lib
       trgmsg.c.obj                 108     0         288    
       memcpy_t2.asm.obj            156     0         0      
       memset_t2.asm.obj            122     0         0      
       copy_decompress_lzss.c.obj   104     0         0      
       hostwrite.c.obj              88      0         0      
       cpy_tbl.c.obj                76      0         0      
       u_divt2.asm.obj              64      0         0      
       _lock.c.obj                  26      0         8      
       args_main.c.obj              24      0         0      
       strlen.c.obj                 20      0         0      
       copy_decompress_none.c.obj   14      0         0      
       copy_zero_init.c.obj         12      0         0      
       hostopen.c.obj               0       0         8      
       exit.c.obj                   4       0         0      
       stkdepth_vars.c.obj          0       0         4      
       div0.asm.obj                 2       0         0      
    +--+----------------------------+-------+---------+---------+
       Total:                       820     0         308    
                                                             
    C:\ti\tirtos_tivac_2_16_00_08\products\bios_6_45_01_29\packages\ti\catalog\arm\cortexm4\tiva\ce\lib\Boot.aem4f
       Boot_sysctl.oem4f            628     452       0      
       Boot.oem4f                   152     0         0      
    +--+----------------------------+-------+---------+---------+
       Total:                       780     452       0      
                                                             
    C:\ti\tirtos_tivac_2_16_00_08\products\bios_6_45_01_29\packages\ti\targets\arm\rtsarm\lib\auto_init.aem4f
       auto_init.oem4f              160     0         0      
    +--+----------------------------+-------+---------+---------+
       Total:                       160     0         0      
                                                             
    C:\ti\tirtos_tivac_2_16_00_08\products\bios_6_45_01_29\packages\ti\targets\arm\rtsarm\lib\boot.aem4f
       boot.oem4f                   88      0         0      
    +--+----------------------------+-------+---------+---------+
       Total:                       88      0         0      
                                                             
    C:\ti\tirtos_tivac_2_16_00_08\products\bios_6_45_01_29\packages\ti\targets\arm\rtsarm\lib\ti.targets.arm.rtsarm.aem4f
       System.oem4f                 1255    0         0      
       Text.oem4f                   672     0         0      
       Error.oem4f                  524     0         0      
       Core-mem.oem4f               358     0         0      
       Startup.oem4f                328     0         0      
       SysMin.oem4f                 248     0         0      
       Core-smem.oem4f              204     0         0      
       Memory.oem4f                 176     0         0      
       Assert.oem4f                 84      0         0      
       Core-params.oem4f            70      0         0      
       Core-label.oem4f             52      0         0      
       Registry.oem4f               32      0         0      
       Gate.oem4f                   28      0         0      
    +--+----------------------------+-------+---------+---------+
       Total:                       4031    0         0      
                                                             
       Stack:                       0       0         768    
       Linker Generated:            0       624       0      
    +--+----------------------------+-------+---------+---------+
       Grand Total:                 24585   9442      7637   


LINKER GENERATED COPY TABLES

__TI_cinit_table @ 00008578 records: 3, size/record: 8, table size: 24
	.data: load addr=00008320, load size=0000023c bytes, run addr=20001580, run size=00000556 bytes, compression=lzss
	.bss: load addr=00008568, load size=00000008 bytes, run addr=20000360, run size=00001220 bytes, compression=zero_init
	.vecs: load addr=00008570, load size=00000008 bytes, run addr=20000000, run size=00000360 bytes, compression=zero_init


LINKER GENERATED HANDLER TABLE

__TI_handler_table @ 0000855c records: 3, size/record: 4, table size: 12
	index: 0, handler: __TI_decompress_lzss
	index: 1, handler: __TI_decompress_none
	index: 2, handler: __TI_zero_init


GLOBAL SYMBOLS: SORTED ALPHABETICALLY BY Name 

address   name                                                                 
-------   ----                                                                 
00005fe9  ADCIntClear                                                          
000054e1  ADCIntStatus                                                         
00005b85  ADCProcessorTrigger                                                  
00004e31  ADCSequenceConfigure                                                 
00005959  ADCSequenceDataGet                                                   
00005ec9  ADCSequenceEnable                                                    
00003a89  ADCSequenceStepConfigure                                             
00004921  ADCSwi                                                               
2000156c  ADCValues                                                            
00001aa5  C$$EXIT                                                              
00004fcf  C$$IO$$                                                              
00006039  EK_TM4C1294XL_initGPIO                                               
00002d4d  EK_TM4C1294XL_initGeneral                                            
00003e15  EK_TM4C1294XL_initI2C                                                
000055c1  GPIODirModeSet                                                       
00005d9b  GPIOIntClear                                                         
00005ed7  GPIOIntStatus                                                        
000045a1  GPIOIntTypeSet                                                       
00001fe5  GPIOPadConfigSet                                                     
00004aa5  GPIOPinConfigure                                                     
00005d51  GPIOPinTypeADC                                                       
00005d63  GPIOPinTypeI2C                                                       
00005d75  GPIOPinTypeI2CSCL                                                    
00005ef3  GPIOPinWrite                                                         
000080bc  GPIOTiva_config                                                      
00003f4d  GPIO_hwiIntFxn                                                       
000036dd  GPIO_init                                                            
000046a1  GPIO_setCallback                                                     
00001c0d  GPIO_setConfig                                                       
000046f1  GPIO_write                                                           
00004499  HOSTwrite                                                            
000007bd  I2CMasterControl                                                     
00000cfd  I2CMasterDataGet                                                     
0000157d  I2CMasterDataPut                                                     
00005ff3  I2CMasterDisable                                                     
00005ffd  I2CMasterEnable                                                      
00005c91  I2CMasterErr                                                         
00004aed  I2CMasterInitExpClk                                                  
00006041  I2CMasterIntClear                                                    
00006071  I2CMasterIntDisable                                                  
00006077  I2CMasterIntEnable                                                   
00006049  I2CMasterSlaveAddrSet                                                
000050b9  I2CTiva_close                                                        
0000607d  I2CTiva_control                                                      
00008040  I2CTiva_fxnTable                                                     
00006007  I2CTiva_init                                                         
0000294d  I2CTiva_open                                                         
0000398d  I2CTiva_transfer                                                     
00005dd5  I2C_Params_init                                                      
00006011  I2C_close                                                            
00007eac  I2C_config                                                           
000080f8  I2C_defaultParams                                                    
00004f69  I2C_init                                                             
0000529d  I2C_open                                                             
0000601b  I2C_transfer                                                         
UNDEFED   SHT$$INIT_ARRAY$$Base                                                
UNDEFED   SHT$$INIT_ARRAY$$Limit                                               
00006083  SysCtlDelay                                                          
000050f1  SysCtlPeripheralEnable                                               
00004741  SysCtlPeripheralReset                                                
00000000  __ASM__                                                              
20001140  __CIOBUF_                                                            
0000005f  __ISA__                                                              
00000072  __PLAT__                                                             
20001dd8  __STACK_END                                                          
00000300  __STACK_SIZE                                                         
00000093  __TARG__                                                             
00008578  __TI_CINIT_Base                                                      
00008590  __TI_CINIT_Limit                                                     
0000855c  __TI_Handler_Table_Base                                              
00008568  __TI_Handler_Table_Limit                                             
000030d1  __TI_auto_init                                                       
00003e7d  __TI_decompress_lzss                                                 
00005ee5  __TI_decompress_none                                                 
ffffffff  __TI_pprof_out_hndl                                                  
ffffffff  __TI_prof_data_size                                                  
ffffffff  __TI_prof_data_start                                                 
00005125  __TI_readmsg                                                         
00008320  __TI_static_base__                                                   
00004fa1  __TI_writemsg                                                        
00005f31  __TI_zero_init                                                       
000000b9  __TRDR__                                                             
000033e7  __aeabi_idiv0                                                        
000033e7  __aeabi_ldiv0                                                        
00003b03  __aeabi_memclr                                                       
00003b03  __aeabi_memclr4                                                      
00003b03  __aeabi_memclr8                                                      
00003211  __aeabi_memcpy                                                       
00003211  __aeabi_memcpy4                                                      
00003211  __aeabi_memcpy8                                                      
00003b05  __aeabi_memset                                                       
00003b05  __aeabi_memset4                                                      
00003b05  __aeabi_memset8                                                      
00004db1  __aeabi_uidiv                                                        
00004db1  __aeabi_uidivmod                                                     
ffffffff  __binit__                                                            
ffffffff  __c_args__                                                           
20001ad8  __stack                                                              
20000000  __start___llvm_prf_cnts                                              
20000000  __stop___llvm_prf_cnts                                               
00005b9d  _args_main                                                           
00004441  _c_int00                                                             
20001a40  _lock                                                                
00002b03  _nop                                                                 
[...]
000060a1  ti_sysbios_heaps_HeapMem_isBlocking__E                               
000060a9  ti_sysbios_knl_Queue_Instance_init__E                                
000060b1  ti_sysbios_knl_Swi_startup__E                                        
000060b7  xdc_runtime_System_Module_startup__E                                 
000060c1  ti_sysbios_gates_GateHwi_query__E                                    
000060c1  xdc_runtime_Main_Module_GateProxy_query__E                           
000060c1  xdc_runtime_System_Module_GateProxy_query__E                         
000060c9  ti_sysbios_BIOS_RtsGateProxy_query__E                                
000060c9  ti_sysbios_gates_GateMutex_query__E                                  
000060c9  ti_sysbios_heaps_HeapMem_Module_GateProxy_query__E                   
000060d1  ti_sysbios_knl_Task_startup__E                                       
000060d9  ti_sysbios_gates_GateHwi_Instance_init__E                            
000060e1  ti_sysbios_knl_Clock_logTick__E                                      
000060e4  xdc_runtime_Text_charTab__A                                          
000079f5  xdc_runtime_Error_policy__C                                          
000079f6  ti_catalog_arm_cortexm4_tiva_ce_Boot_Module__id__C                   
00007b18  xdc_runtime_Text_nodeTab__A                                          
00007dc0  ti_sysbios_knl_Task_Object__PARAMS__C                                
00007e2c  ti_sysbios_family_arm_m3_Hwi_Object__PARAMS__C                       
00007e5c  ti_sysbios_heaps_HeapMem_Module__FXNS__C                             
00007e84  xdc_runtime_Startup_sfxnTab__A                                       
00007eac  I2C_config                                                           
00007ed0  ti_sysbios_gates_GateHwi_Module__FXNS__C                             
00007ef4  ti_sysbios_gates_GateMutex_Module__FXNS__C                           
00007f18  ti_sysbios_heaps_HeapMem_Object__PARAMS__C                           
00007f3c  ti_sysbios_knl_Semaphore_Object__PARAMS__C                           
00007f60  ti_sysbios_family_arm_m3_Hwi_Object__DESC__C                         
00007f80  ti_sysbios_gates_GateHwi_Object__DESC__C                             
00007fa0  ti_sysbios_gates_GateMutex_Object__DESC__C                           
00007fc0  ti_sysbios_heaps_HeapMem_Object__DESC__C                             
00007fe0  ti_sysbios_knl_Queue_Object__DESC__C                                 
00008000  ti_sysbios_knl_Semaphore_Object__DESC__C                             
00008020  ti_sysbios_knl_Task_Object__DESC__C                                  
00008040  I2CTiva_fxnTable                                                     
0000805c  i2cTivaHWAttrs                                                       
00008074  ti_sysbios_gates_GateHwi_Object__PARAMS__C                           
0000808c  ti_sysbios_gates_GateMutex_Object__PARAMS__C                         
000080a4  ti_sysbios_knl_Queue_Object__PARAMS__C                               
000080bc  GPIOTiva_config                                                      
000080d0  xdc_runtime_Startup_firstFxns__A                                     
000080e4  xdc_runtime_Startup_sfxnRts__A                                       
000080f8  I2C_defaultParams                                                    
00008108  mailbox0                                                             
0000810c  timer0                                                               
00008110  swi0                                                                 
00008114  task0                                                                
00008120  ti_sysbios_family_arm_m3_Hwi_excHookFuncs__A                         
00008128  ti_sysbios_knl_Idle_funcList__C                                      
00008130  xdc_runtime_Startup_firstFxns__C                                     
00008138  xdc_runtime_Startup_lastFxns__C                                      
00008140  ti_catalog_arm_cortexm4_tiva_ce_Boot_A_mustNotUseEnhancedClockMode__C
00008144  ti_catalog_arm_cortexm4_tiva_ce_Boot_Module__diagsEnabled__C         
00008148  ti_catalog_arm_cortexm4_tiva_ce_Boot_Module__diagsIncluded__C        
0000814c  ti_catalog_arm_cortexm4_tiva_ce_Boot_Module__diagsMask__C            
00008150  ti_sysbios_family_arm_lm4_Timer_enableFunc__C                        
00008154  ti_sysbios_family_arm_lm4_Timer_numTimerDevices__C                   
00008158  ti_sysbios_family_arm_lm4_Timer_startupNeeded__C                     
0000815c  ti_sysbios_family_arm_m3_Hwi_E_NMI__C                                
00008160  ti_sysbios_family_arm_m3_Hwi_E_alreadyDefined__C                     
00008164  ti_sysbios_family_arm_m3_Hwi_E_busFault__C                           
00008168  ti_sysbios_family_arm_m3_Hwi_E_debugMon__C                           
0000816c  ti_sysbios_family_arm_m3_Hwi_E_hardFault__C                          
00008170  ti_sysbios_family_arm_m3_Hwi_E_memFault__C                           
00008174  ti_sysbios_family_arm_m3_Hwi_E_noIsr__C                              
00008178  ti_sysbios_family_arm_m3_Hwi_E_reserved__C                           
0000817c  ti_sysbios_family_arm_m3_Hwi_E_svCall__C                             
00008180  ti_sysbios_family_arm_m3_Hwi_E_usageFault__C                         
00008184  ti_sysbios_family_arm_m3_Hwi_NUM_INTERRUPTS__C                       
00008188  ti_sysbios_family_arm_m3_Hwi_Object__count__C                        
0000818c  ti_sysbios_family_arm_m3_Hwi_ccr__C                                  
00008190  ti_sysbios_family_arm_m3_Hwi_excHandlerFunc__C                       
00008194  ti_sysbios_family_arm_m3_Hwi_excHookFuncs__C                         
00008198  ti_sysbios_family_arm_m3_Hwi_nullIsrFunc__C                          
0000819c  ti_sysbios_family_arm_m3_Hwi_priGroup__C                             
000081a0  ti_sysbios_family_arm_m3_TaskSupport_stackAlignment__C               
000081a4  ti_sysbios_gates_GateMutex_A_badContext__C                           
000081a8  ti_sysbios_gates_GateMutex_Instance_State_sem__O                     
000081ac  ti_sysbios_gates_GateMutex_Module__diagsEnabled__C                   
000081b0  ti_sysbios_gates_GateMutex_Module__diagsIncluded__C                  
000081b4  ti_sysbios_gates_GateMutex_Module__diagsMask__C                      
000081b8  ti_sysbios_hal_Hwi_E_stackOverflow__C                                
000081bc  ti_sysbios_heaps_HeapMem_A_align__C                                  
000081c0  ti_sysbios_heaps_HeapMem_A_heapSize__C                               
000081c4  ti_sysbios_heaps_HeapMem_A_invalidFree__C                            
000081c8  ti_sysbios_heaps_HeapMem_A_zeroBlock__C                              
000081cc  ti_sysbios_heaps_HeapMem_E_memory__C                                 
000081d0  ti_sysbios_heaps_HeapMem_Module__diagsEnabled__C                     
000081d4  ti_sysbios_heaps_HeapMem_Module__diagsIncluded__C                    
000081d8  ti_sysbios_heaps_HeapMem_Module__diagsMask__C                        
000081dc  ti_sysbios_heaps_HeapMem_Module__gateObj__C                          
000081e0  ti_sysbios_heaps_HeapMem_Object__count__C                            
000081e4  ti_sysbios_heaps_HeapMem_reqAlign__C                                 
000081e8  ti_sysbios_knl_Clock_Module_State_clockQ__O                          
000081ec  ti_sysbios_knl_Idle_funcList__A                                      
000081f0  ti_sysbios_knl_Mailbox_Instance_State_dataQue__O                     
000081f4  ti_sysbios_knl_Mailbox_Instance_State_dataSem__O                     
000081f8  ti_sysbios_knl_Mailbox_Instance_State_freeQue__O                     
000081fc  ti_sysbios_knl_Mailbox_Instance_State_freeSem__O                     
00008200  ti_sysbios_knl_Mailbox_Object__count__C                              
00008204  ti_sysbios_knl_Mailbox_maxTypeAlign__C                               
00008208  ti_sysbios_knl_Semaphore_A_badContext__C                             
0000820c  ti_sysbios_knl_Semaphore_A_noEvents__C                               
00008210  ti_sysbios_knl_Semaphore_A_overflow__C                               
00008214  ti_sysbios_knl_Semaphore_A_pendTaskDisabled__C                       
00008218  ti_sysbios_knl_Semaphore_Instance_State_pendQ__O                     
0000821c  ti_sysbios_knl_Semaphore_Module__diagsEnabled__C                     
00008220  ti_sysbios_knl_Semaphore_Module__diagsIncluded__C                    
00008224  ti_sysbios_knl_Semaphore_Module__diagsMask__C                        
00008228  ti_sysbios_knl_Swi_Object__count__C                                  
0000822c  ti_sysbios_knl_Task_A_badPriority__C                                 
00008230  ti_sysbios_knl_Task_A_badTaskState__C                                
00008234  ti_sysbios_knl_Task_A_badThreadType__C                               
00008238  ti_sysbios_knl_Task_A_badTimeout__C                                  
0000823c  ti_sysbios_knl_Task_A_noPendElem__C                                  
00008240  ti_sysbios_knl_Task_A_sleepTaskDisabled__C                           
00008244  ti_sysbios_knl_Task_E_spOutOfBounds__C                               
00008248  ti_sysbios_knl_Task_E_stackOverflow__C                               
0000824c  ti_sysbios_knl_Task_Module_State_inactiveQ__O                        
00008250  ti_sysbios_knl_Task_Module__diagsEnabled__C                          
00008254  ti_sysbios_knl_Task_Module__diagsIncluded__C                         
00008258  ti_sysbios_knl_Task_Module__diagsMask__C                             
0000825c  ti_sysbios_knl_Task_Object__count__C                                 
00008260  ti_sysbios_knl_Task_allBlockedFunc__C                                
00008264  ti_sysbios_knl_Task_defaultStackHeap__C                              
00008268  ti_sysbios_knl_Task_defaultStackSize__C                              
0000826c  ti_sysbios_knl_Task_numConstructedTasks__C                           
00008270  xdc_runtime_Assert_E_assertFailed__C                                 
00008274  xdc_runtime_Core_A_initializedParams__C                              
00008278  xdc_runtime_Core_Module__diagsEnabled__C                             
0000827c  xdc_runtime_Core_Module__diagsIncluded__C                            
00008280  xdc_runtime_Core_Module__diagsMask__C                                
00008284  xdc_runtime_Error_E_memory__C                                        
00008288  xdc_runtime_Error_Module__diagsEnabled__C                            
0000828c  xdc_runtime_Error_Module__diagsIncluded__C                           
00008290  xdc_runtime_Error_Module__diagsMask__C                               
00008294  xdc_runtime_Error_Module__loggerFxn8__C                              
00008298  xdc_runtime_Error_Module__loggerObj__C                               
0000829c  xdc_runtime_Error_policyFxn__C                                       
000082a0  xdc_runtime_Error_raiseHook__C                                       
000082a4  xdc_runtime_IGateProvider_Interface__BASE__C                         
000082a8  xdc_runtime_IHeap_Interface__BASE__C                                 
000082ac  xdc_runtime_IModule_Interface__BASE__C                               
000082b0  xdc_runtime_Log_L_error__C                                           
000082b4  xdc_runtime_Memory_defaultHeapInstance__C                            
000082b8  xdc_runtime_Startup_execImpl__C                                      
000082bc  xdc_runtime_Startup_maxPasses__C                                     
000082c0  xdc_runtime_Startup_sfxnRts__C                                       
000082c4  xdc_runtime_Startup_sfxnTab__C                                       
000082c8  xdc_runtime_SysMin_bufSize__C                                        
000082cc  xdc_runtime_SysMin_outputFunc__C                                     
000082d0  xdc_runtime_System_Module__gateObj__C                                
000082d4  xdc_runtime_System_abortFxn__C                                       
000082d8  xdc_runtime_System_exitFxn__C                                        
000082dc  xdc_runtime_System_extendFxn__C                                      
000082e0  xdc_runtime_System_maxAtexitHandlers__C                              
000082e4  xdc_runtime_Text_charTab__C                                          
000082e8  xdc_runtime_Text_nameEmpty__C                                        
000082ec  xdc_runtime_Text_nameStatic__C                                       
000082f0  xdc_runtime_Text_nameUnknown__C                                      
000082f4  xdc_runtime_Text_nodeTab__C                                          
000082f8  xdc_runtime_Text_visitRopeFxn__C                                     
000082fc  ti_sysbios_family_arm_m3_Hwi_Module__id__C                           
000082fe  ti_sysbios_gates_GateMutex_Module__id__C                             
00008300  ti_sysbios_hal_Hwi_Module__id__C                                     
00008302  ti_sysbios_heaps_HeapMem_Module__id__C                               
00008304  ti_sysbios_knl_Semaphore_Module__id__C                               
00008306  ti_sysbios_knl_Task_Module__id__C                                    
00008308  xdc_runtime_Core_Module__id__C                                       
0000830a  xdc_runtime_Error_Module__loggerDefined__C                           
0000830c  xdc_runtime_Error_maxDepth__C                                        
0000830e  xdc_runtime_Memory_Module__id__C                                     
00008310  xdc_runtime_SysMin_flushAtExit__C                                    
00008312  xdc_runtime_Text_charCnt__C                                          
00008314  xdc_runtime_Text_isLoaded__C                                         
00008316  xdc_runtime_Text_registryModsLastId__C                               
00008318  xdc_runtime_Text_unnamedModsLastId__C                                
00008320  __TI_static_base__                                                   
0000855c  __TI_Handler_Table_Base                                              
00008568  __TI_Handler_Table_Limit                                             
00008578  __TI_CINIT_Base                                                      
00008590  __TI_CINIT_Limit                                                     
20000000  __start___llvm_prf_cnts                                              
20000000  __stop___llvm_prf_cnts                                               
20000000  ti_sysbios_family_arm_m3_Hwi_ramVectors                              
20000360  ti_sysbios_knl_Task_Instance_State_0_stack__A                        
20000560  ti_sysbios_knl_Task_Instance_State_1_stack__A                        
20000760  ti_sysbios_heaps_HeapMem_Instance_State_0_buf__A                     
20000b60  ti_sysbios_family_arm_m3_Hwi_dispatchTable                           
20000ec0  task0Stack                                                           
20001140  __CIOBUF_                                                            
20001260  i2cTivaObjects                                                       
20001360  ti_sysbios_knl_Mailbox_Instance_State_0_allocBuf__A                  
20001490  xdc_runtime_SysMin_Module_State_0_outbuf__A                          
20001510  task0Struct                                                          
2000156c  ADCValues                                                            
20001574  parmbuf                                                              
20001580  ti_sysbios_knl_Task_Object__table__V                                 
20001618  ti_sysbios_family_arm_lm4_Timer_Object__table__V                     
20001698  ti_sysbios_knl_Swi_Module_State_0_readyQ__A                          
20001718  ti_sysbios_knl_Task_Module_State_0_readyQ__A                         
20001798  ti_sysbios_knl_Swi_Object__table__V                                  
200017f8  ti_sysbios_knl_Mailbox_Object__table__V                              
20001848  ti_sysbios_knl_Task_Module__state__V                                 
2000188c  ti_sysbios_family_arm_lm4_Timer_Module_State_0_device__A             
200018cc  ti_sysbios_gates_GateMutex_Object__table__V                          
20001904  ti_sysbios_family_arm_m3_Hwi_Module__state__V                        
20001938  ti_sysbios_family_arm_m3_Hwi_Object__table__V                        
20001968  ti_sysbios_knl_Clock_Module__state__V                                
20001994  ti_sysbios_BIOS_Module__state__V                                     
200019b8  ti_sysbios_family_arm_lm4_Timer_Module_State_0_handles__A            
200019d8  ti_sysbios_knl_Swi_Module__state__V                                  
200019f4  ti_sysbios_heaps_HeapMem_Object__table__V                            
20001a0c  gpioPinConfigs                                                       
20001a28  ti_sysbios_family_arm_lm4_Timer_Module__state__V                     
20001a34  xdc_runtime_SysMin_Module__state__V                                  
20001a40  _lock                                                                
20001a44  _unlock                                                              
20001a48  gpioCallbackFunctions                                                
20001a50  ti_sysbios_family_arm_m3_Hwi_Module__root__V                         
20001a58  ti_sysbios_gates_GateHwi_Module__root__V                             
20001a60  ti_sysbios_gates_GateMutex_Module__root__V                           
20001a68  ti_sysbios_hal_Timer_Object__table__V                                
20001a70  ti_sysbios_heaps_HeapMem_Module__root__V                             
20001a78  ti_sysbios_knl_Queue_Module__root__V                                 
20001a80  ti_sysbios_knl_Semaphore_Module__root__V                             
20001a88  ti_sysbios_knl_Task_Module__root__V                                  
20001a90  xdc_runtime_Registry_Module__state__V                                
20001a98  xdc_runtime_Startup_Module__state__V                                 
20001aa0  xdc_runtime_System_Module_State_0_atexitHandlers__A                  
20001aa8  xdc_runtime_System_Module__state__V                                  
20001ab6  ti_sysbios_family_arm_m3_Hwi_Module_State_0_excActive__A             
20001abc  main_func_sp                                                         
20001ac0  ti_sysbios_family_arm_m3_Hwi_Module_State_0_excContext__A            
20001ac4  ti_sysbios_family_arm_m3_Hwi_Module_State_0_excStack__A              
20001ac8  ti_sysbios_gates_GateHwi_Object__table__V                            
20001acc  ti_sysbios_knl_Task_Module_State_0_idleTask__A                       
20001ad0  xdc_runtime_Memory_Module__state__V                                  
20001ad4  xdc_runtime_Error_Module__state__V                                   
20001ad8  __stack                                                              
20001dd8  __STACK_END                                                          
e000e000  ti_sysbios_family_arm_m3_Hwi_nvic                                    
ffffffff  __TI_pprof_out_hndl                                                  
ffffffff  __TI_prof_data_size                                                  
ffffffff  __TI_prof_data_start                                                 
ffffffff  __binit__                                                            
ffffffff  __c_args__                                                           
ffffffff  binit                                                                
UNDEFED   SHT$$INIT_ARRAY$$Base                                                
UNDEFED   SHT$$INIT_ARRAY$$Limit                                               

[613 symbols]
